<html>
<body>
<pre>
<h1>µVision Build Log</h1>
<h2>Tool Versions:</h2>
IDE-Version: ¦ÌVision V5.23.0.0
Copyright (C) 2017 ARM Ltd and ARM Germany GmbH. All rights reserved.
License Information: Lee Yisa, Aoyagi, LIC=----
 
Tool Versions:
Toolchain:       MDK-Lite  Version: 5.23
Toolchain Path:  C:\Keil_v5\ARM\ARMCC\Bin
C Compiler:      Armcc.exe V5.06 update 4 (build 422)
Assembler:       Armasm.exe V5.06 update 4 (build 422)
Linker/Locator:  ArmLink.exe V5.06 update 4 (build 422)
Library Manager: ArmAr.exe V5.06 update 4 (build 422)
Hex Converter:   FromElf.exe V5.06 update 4 (build 422)
CPU DLL:         SARMCM3.DLL V5.23
Dialog DLL:      DARMSTM.DLL V1.68.0.0
Target DLL:      Segger\JL2CM3.dll V2.99.23.0
Dialog DLL:      TARMSTM.DLL V1.66.0.0
 
<h2>Project:</h2>
D:\Mycloud\Gizwits\HelloWorldMCU\Project\mcu_stm32f103c8x.uvproj
Project File Date:  02/13/2017

<h2>Output:</h2>
*** Using Compiler 'V5.06 update 4 (build 422)', folder: 'C:\Keil_v5\ARM\ARMCC\Bin'
Build target 'mcu_stm32f103c8x'
assembling startup_stm32f10x_md.s...
compiling core_cm3.c...
compiling system_stm32f10x.c...
compiling misc.c...
compiling stm32f10x_adc.c...
compiling stm32f10x_bkp.c...
compiling stm32f10x_can.c...
compiling stm32f10x_cec.c...
compiling stm32f10x_crc.c...
compiling stm32f10x_dac.c...
compiling stm32f10x_dbgmcu.c...
compiling stm32f10x_dma.c...
compiling stm32f10x_exti.c...
compiling stm32f10x_flash.c...
compiling stm32f10x_fsmc.c...
compiling stm32f10x_gpio.c...
compiling stm32f10x_i2c.c...
compiling stm32f10x_iwdg.c...
compiling stm32f10x_pwr.c...
compiling stm32f10x_rcc.c...
compiling stm32f10x_rtc.c...
compiling stm32f10x_sdio.c...
compiling stm32f10x_spi.c...
compiling stm32f10x_wwdg.c...
compiling stm32f10x_usart.c...
compiling stm32f10x_tim.c...
compiling main.c...
compiling stm32f10x_it.c...
compiling hal_key.c...
compiling hal_watchdog.c...
compiling hal_infrared.c...
compiling hal_uart.c...
compiling gizwits_product.c...
compiling gizwits_protocol.c...
..\Gizwits\gizwits_protocol.c(465): warning:  #223-D: function "gizGetTimerCount" declared implicitly
      gizwitsProtocol.waitAck.sendTime = gizGetTimerCount();
..\Gizwits\gizwits_protocol.c(618): warning:  #177-D: variable "lastReportTime"  was declared but never referenced
      static uint32_t lastReportTime = 0;
..\Gizwits\gizwits_protocol.c(854): warning:  #223-D: function "gizGetTimerCount" declared implicitly
      if(0 == (gizGetTimerCount() % (600000)))
..\Gizwits\gizwits_protocol.c(1005): warning:  #223-D: function "gizGetTimerCount" declared implicitly
      gizwitsProtocol.waitAck.sendTime = gizGetTimerCount();
..\Gizwits\gizwits_protocol.c(1081): warning:  #223-D: function "gizGetTimerCount" declared implicitly
              if(
END_MAX_TIME < (gizGetTimerCount() - gizwitsProtocol.waitAck.sendTime))
..\Gizwits\gizwits_protocol.c(1146): warning:  #1029-D: __packed ignored for non-pointer parameter
  static int32_t gizProtocolErrorCmd(protocolHead_t *head,errorPacketsType_t errno)
..\Gizwits\gizwits_protocol.c(1183): warning:  #177-D: variable "ret"  was declared but never referenced
      int32_t ret = 0;
..\Gizwits\gizwits_protocol.c(1214): warning:  #223-D: function "gizGetTimerCount" declared implicitly
      uint32_t timeDelay = gizGetTimerCount();
..\Gizwits\gizwits_protocol.c(1623): warning:  #223-D: function "gizwitsEventProcess" declared implicitly
              gizwitsEventProcess(&gizwitsProtocol.issuedProcessEvent, (uint8_t *)&gizwitsProtocol.gizCurrentDataPoint, sizeof(dataPoint_t));
..\Gizwits\gizwits_protocol.c(1533): warning:  #177-D: variable "i"  was declared but never referenced
      uint16_t i = 0;
..\Gizwits\gizwits_protocol.c(39): warning:  #177-D: function "rbDelete"  was declared but never referenced
  static void rbDelete(rb_t* rb)
..\Gizwits\gizwits_protocol.c(359): warning:  #177-D: function "gizY2XFloat"  was declared but never referenced
  static uint32_t gizY2XFloat(float ratio, float addition, float preValue)
..\Gizwits\gizwits_protocol.c(378): warning:  #177-D: function "gizX2YFloat"  was declared but never referenced
  static float gizX2YFloat(float ratio, float addition, uint32_t preValue)
..\Gizwits\gizwits_protocol.c: 13 warnings, 0 errors
linking...
Program Size: Code=19708 RO-data=336 RW-data=84 ZI-data=4332  
FromELF: creating hex file...
".\Obj\mcu_stm32f103c8x.axf" - 0 Error(s), 13 Warning(s).
Build Time Elapsed:  00:00:06
</pre>
</body>
</html>
